ESP-ROM:esp32s2-rc4-20191025
Build:Oct 25 2019
rst:0x1 (POWERON),boot:0x8 (SPI_FAST_FLASH_BOOT)
SPIWP:0xee
mode:DIO, clock div:1
load:0x3ffe5110,len:0x186c
load:0x4004a000,len:0x4
load:0x4004a004,len:0xb08
load:0x4004e000,len:0x3228
entry 0x4004a1cc
[0;32mI (23) boot: ESP-IDF v5.3 2nd stage bootloader[0m
[0;32mI (24) boot: compile time Jul 30 2024 15:42:54[0m
[0;32mI (24) boot: chip revision: v0.0[0m
[0;32mI (27) boot.esp32s2: SPI Speed      : 80MHz[0m
[0;32mI (32) boot.esp32s2: SPI Mode       : DIO[0m
[0;32mI (36) boot.esp32s2: SPI Flash Size : 2MB[0m
[0;32mI (41) boot: Enabling RNG early entropy source...[0m
[0;32mI (47) boot: Partition Table:[0m
[0;32mI (50) boot: ## Label            Usage          Type ST Offset   Length[0m
[0;32mI (57) boot:  0 nvs              WiFi data        01 02 00009000 00006000[0m
[0;32mI (65) boot:  1 phy_init         RF data          01 01 0000f000 00001000[0m
[0;32mI (72) boot:  2 factory          factory app      00 00 00010000 00100000[0m
[0;32mI (80) boot: End of partition table[0m
[0;32mI (84) esp_image: segment 0: paddr=00010020 vaddr=3f000020 size=0a6fch ( 42748) map[0m
[0;32mI (101) esp_image: segment 1: paddr=0001a724 vaddr=3ffc0130 size=01c1ch (  7196) load[0m
[0;32mI (103) esp_image: segment 2: paddr=0001c348 vaddr=40024000 size=03cd0h ( 15568) load[0m
[0;32mI (113) esp_image: segment 3: paddr=00020020 vaddr=40080020 size=179ech ( 96748) map[0m
[0;32mI (137) esp_image: segment 4: paddr=00037a14 vaddr=40027cd0 size=0845ch ( 33884) load[0m
[0;32mI (152) boot: Loaded app from partition at offset 0x10000[0m
[0;32mI (152) boot: Disabling RNG early entropy source...[0m
[0;32mI (163) cache: Instruction cache 	: size 8KB, 4Ways, cache line size 32Byte[0m
[0;32mI (164) cache: Data cache 		: size 8KB, 4Ways, cache line size 32Byte[0m
[0;32mI (167) cpu_start: Unicore app[0m
[0;32mI (191) cpu_start: Pro cpu start user code[0m
[0;32mI (191) cpu_start: cpu freq: 160000000 Hz[0m
[0;32mI (192) app_init: Application information:[0m
[0;32mI (194) app_init: Project name:     heater_test[0m
[0;32mI (200) app_init: App version:      1[0m
[0;32mI (204) app_init: Compile time:     Jul 30 2024 15:42:49[0m
[0;32mI (210) app_init: ELF file SHA256:  e83595de8...[0m
[0;32mI (215) app_init: ESP-IDF:          v5.3[0m
[0;32mI (220) efuse_init: Min chip rev:     v0.0[0m
[0;32mI (225) efuse_init: Max chip rev:     v1.99 [0m
[0;32mI (230) efuse_init: Chip rev:         v0.0[0m
[0;32mI (234) heap_init: Initializing. RAM available for dynamic allocation:[0m
[0;32mI (242) heap_init: At 3FFC2580 len 00039A80 (230 KiB): RAM[0m
[0;32mI (248) heap_init: At 3FFFC000 len 00003A10 (14 KiB): RAM[0m
[0;32mI (254) heap_init: At 3FF9E010 len 00001FD8 (7 KiB): RTCRAM[0m
[0;32mI (261) spi_flash: detected chip: generic[0m
[0;32mI (265) spi_flash: flash io: dio[0m
[0;33mW (269) spi_flash: Detected size(4096k) larger than the size in the binary image header(2048k). Using the size in the binary image header.[0m
[0;32mI (282) main_task: Started on CPU0[0m
[0;32mI (282) main_task: Calling app_main()[0m
[0;32mI (282) gpio: GPIO[9]| InputEn: 1| OutputEn: 1| OpenDrain: 1| Pullup: 1| Pulldown: 0| Intr:0 [0m
[0;32mI (292) gpio: GPIO[8]| InputEn: 1| OutputEn: 1| OpenDrain: 1| Pullup: 1| Pulldown: 0| Intr:0 [0m
[0;32mI (1322) MAIN: Temperature is 29.42 celsius[0m
[0;32mI (1322) MAIN: Humidity is 39.80[0m
[0;32mI (2332) MAIN: Temperature is 29.42 celsius[0m
[0;32mI (2332) MAIN: Humidity is 39.92[0m
[0;32mI (3342) MAIN: Temperature is 29.40 celsius[0m
[0;32mI (3342) MAIN: Humidity is 40.15[0m
[0;32mI (4352) MAIN: Temperature is 29.39 celsius[0m
[0;32mI (4352) MAIN: Humidity is 40.19[0m
[0;32mI (5362) MAIN: Temperature is 29.42 celsius[0m
[0;32mI (5362) MAIN: Humidity is 40.20[0m
[0;32mI (6372) MAIN: Temperature is 29.39 celsius[0m
[0;32mI (6372) MAIN: Humidity is 40.20[0m
[0;32mI (7382) MAIN: Temperature is 29.39 celsius[0m
[0;32mI (7382) MAIN: Humidity is 40.18[0m
[0;32mI (8392) MAIN: Temperature is 29.40 celsius[0m
[0;32mI (8392) MAIN: Humidity is 40.14[0m
[0;32mI (9402) MAIN: Temperature is 29.39 celsius[0m
[0;32mI (9402) MAIN: Humidity is 40.04[0m
[0;32mI (10412) MAIN: Temperature is 29.39 celsius[0m
[0;32mI (10412) MAIN: Humidity is 40.01[0m
[0;32mI (11422) MAIN: Temperature is 29.40 celsius[0m
[0;32mI (11422) MAIN: Humidity is 39.96[0m
[0;32mI (12432) MAIN: Temperature is 29.39 celsius[0m
[0;32mI (12432) MAIN: Humidity is 39.83[0m
[0;32mI (13442) MAIN: Temperature is 29.39 celsius[0m
[0;32mI (13442) MAIN: Humidity is 39.71[0m
[0;32mI (14452) MAIN: Temperature is 29.37 celsius[0m
[0;32mI (14452) MAIN: Humidity is 39.52[0m
[0;32mI (15462) MAIN: Temperature is 29.39 celsius[0m
[0;32mI (15462) MAIN: Humidity is 39.41[0m
[0;32mI (16472) MAIN: Temperature is 29.36 celsius[0m
[0;32mI (16472) MAIN: Humidity is 39.31[0m
[0;32mI (17482) MAIN: Temperature is 29.36 celsius[0m
[0;32mI (17482) MAIN: Humidity is 39.15[0m
[0;32mI (18492) MAIN: Temperature is 29.37 celsius[0m
[0;32mI (18492) MAIN: Humidity is 39.04[0m
[0;32mI (19502) MAIN: Temperature is 29.36 celsius[0m
[0;32mI (19502) MAIN: Humidity is 38.98[0m
[0;32mI (20512) MAIN: Temperature is 29.39 celsius[0m
[0;32mI (20512) MAIN: Humidity is 38.85[0m
[0;32mI (20512) MAIN: Starting heater.[0m
[0;32mI (21622) MAIN: Temperature is 29.60 celsius[0m
[0;32mI (21622) MAIN: Humidity is 38.75[0m
[0;32mI (21622) MAIN: Starting heater.[0m
[0;32mI (22732) MAIN: Temperature is 30.17 celsius[0m
[0;32mI (22732) MAIN: Humidity is 38.63[0m
[0;32mI (22732) MAIN: Starting heater.[0m
[0;32mI (23842) MAIN: Temperature is 30.41 celsius[0m
[0;32mI (23842) MAIN: Humidity is 38.24[0m
[0;32mI (23842) MAIN: Starting heater.[0m
[0;32mI (24952) MAIN: Temperature is 30.57 celsius[0m
[0;32mI (24952) MAIN: Humidity is 37.79[0m
[0;32mI (24952) MAIN: Starting heater.[0m
[0;32mI (26062) MAIN: Temperature is 30.67 celsius[0m
[0;32mI (26062) MAIN: Humidity is 37.32[0m
[0;32mI (26062) MAIN: Starting heater.[0m
[0;32mI (27172) MAIN: Temperature is 30.74 celsius[0m
[0;32mI (27172) MAIN: Humidity is 37.05[0m
[0;32mI (27172) MAIN: Starting heater.[0m
[0;32mI (28282) MAIN: Temperature is 30.82 celsius[0m
[0;32mI (28282) MAIN: Humidity is 36.77[0m
[0;32mI (28282) MAIN: Starting heater.[0m
[0;32mI (29392) MAIN: Temperature is 30.88 celsius[0m
[0;32mI (29392) MAIN: Humidity is 36.48[0m
[0;32mI (29392) MAIN: Starting heater.[0m
[0;32mI (30502) MAIN: Temperature is 30.92 celsius[0m
[0;32mI (30502) MAIN: Humidity is 36.39[0m
[0;32mI (30502) MAIN: Starting heater.[0m
[0;32mI (31612) MAIN: Temperature is 30.95 celsius[0m
[0;32mI (31612) MAIN: Humidity is 36.22[0m
[0;32mI (31612) MAIN: Starting heater.[0m
[0;32mI (32722) MAIN: Temperature is 31.01 celsius[0m
[0;32mI (32722) MAIN: Humidity is 36.02[0m
[0;32mI (32722) MAIN: Starting heater.[0m
[0;32mI (33832) MAIN: Temperature is 31.02 celsius[0m
[0;32mI (33832) MAIN: Humidity is 35.75[0m
[0;32mI (33832) MAIN: Starting heater.[0m
[0;32mI (34942) MAIN: Temperature is 31.07 celsius[0m
[0;32mI (34942) MAIN: Humidity is 35.46[0m
[0;32mI (34942) MAIN: Starting heater.[0m
[0;32mI (36052) MAIN: Temperature is 31.09 celsius[0m
[0;32mI (36052) MAIN: Humidity is 35.12[0m
[0;32mI (36052) MAIN: Starting heater.[0m
[0;32mI (37162) MAIN: Temperature is 31.17 celsius[0m
[0;32mI (37162) MAIN: Humidity is 35.10[0m
[0;32mI (37162) MAIN: Starting heater.[0m
[0;32mI (38272) MAIN: Temperature is 31.15 celsius[0m
[0;32mI (38272) MAIN: Humidity is 34.91[0m
[0;32mI (38272) MAIN: Starting heater.[0m
[0;32mI (39382) MAIN: Temperature is 31.21 celsius[0m
[0;32mI (39382) MAIN: Humidity is 34.78[0m
[0;32mI (39382) MAIN: Starting heater.[0m
